src/app/dashboard/[workspaceSlug]/[projectSlug]/auth/providers/page.tsx(11,5): error TS2305: Module '"lucide-react"' has no exported member 'Google'.
src/app/dashboard/[workspaceSlug]/[projectSlug]/auth/providers/page.tsx(189,125): error TS2304: Cannot find name 'params'.
src/app/dashboard/[workspaceSlug]/[projectSlug]/security/page.tsx(68,23): error TS7006: Parameter 'prev' implicitly has an 'any' type.
src/app/dashboard/[workspaceSlug]/[projectSlug]/security/page.tsx(203,80): error TS7006: Parameter 'prev' implicitly has an 'any' type.
src/app/dashboard/[workspaceSlug]/[projectSlug]/storage/page.tsx(168,54): error TS2322: Type 'string | null' is not assignable to type 'string | Blob | undefined'.
  Type 'null' is not assignable to type 'string | Blob | undefined'.
src/components/project-admin/records-table.tsx(264,50): error TS2304: Cannot find name 'Plus'.
